// Jest Snapshot v1, https://goo.gl/fbAQLP

exports[`matches snapshot 1`] = `
<DocumentFragment>
  <div
    data-testid="box-undefined"
  >
    <button>
      X
    </button>
  </div>
</DocumentFragment>
`;
